// Jest Snapshot v1, https://goo.gl/fbAQLP

exports[`SearchForm Snapshot 1`] = `
<form
  aria-labelledby="search_guide"
  className="sc-bdvvtL bQPxZi"
  onSubmit={[Function]}
>
  <label
    className="a11y-hidden"
    htmlFor="search_input"
  >
    keywords
  </label>
  <input
    aria-required="true"
    id="search_input"
    onChange={[Function]}
    type="search"
    value=""
  />
  <button
    type="submit"
  >
    Search
  </button>
</form>
`;
